// Jest Snapshot v1, https://goo.gl/fbAQLP

exports[`Counter component renders correctly 1`] = `
<View
  style={
    Object {
      "flex": 1,
      "flexDirection": "row",
    }
  }
>
  <View
    style={
      Object {
        "width": 250,
      }
    }
  >
    <View
      accessibilityComponentType={undefined}
      accessibilityLabel={undefined}
      accessibilityTraits={undefined}
      accessible={true}
      collapsable={undefined}
      hitSlop={undefined}
      isTVSelectable={true}
      nativeID={undefined}
      onLayout={undefined}
      onResponderGrant={[Function]}
      onResponderMove={[Function]}
      onResponderRelease={[Function]}
      onResponderTerminate={[Function]}
      onResponderTerminationRequest={[Function]}
      onStartShouldSetResponder={[Function]}
      style={
        Object {
          "backgroundColor": "#3b5998",
          "borderRadius": 5,
          "height": 45,
          "justifyContent": "center",
          "margin": 15,
          "opacity": 1,
          "width": 100,
        }
      }
      testID={undefined}
      tvParallaxProperties={undefined}
    >
      <Text
        accessible={true}
        allowFontScaling={true}
        disabled={false}
        ellipsizeMode="tail"
        onPress={[Function]}
        style={
          Object {
            "color": "white",
            "fontSize": 14,
            "fontWeight": "bold",
            "marginVertical": 10,
            "textAlign": "center",
          }
        }
      >
        SYNC+
      </Text>
    </View>
    <View
      accessibilityComponentType={undefined}
      accessibilityLabel={undefined}
      accessibilityTraits={undefined}
      accessible={true}
      collapsable={undefined}
      hitSlop={undefined}
      isTVSelectable={true}
      nativeID={undefined}
      onLayout={undefined}
      onResponderGrant={[Function]}
      onResponderMove={[Function]}
      onResponderRelease={[Function]}
      onResponderTerminate={[Function]}
      onResponderTerminationRequest={[Function]}
      onStartShouldSetResponder={[Function]}
      style={
        Object {
          "backgroundColor": "#e73536",
          "borderRadius": 5,
          "height": 45,
          "justifyContent": "center",
          "margin": 15,
          "opacity": 1,
          "width": 100,
        }
      }
      testID={undefined}
      tvParallaxProperties={undefined}
    >
      <Text
        accessible={true}
        allowFontScaling={true}
        disabled={false}
        ellipsizeMode="tail"
        onPress={[Function]}
        style={
          Object {
            "color": "white",
            "fontSize": 14,
            "fontWeight": "bold",
            "marginVertical": 10,
            "textAlign": "center",
          }
        }
      >
        SYNC-
      </Text>
    </View>
  </View>
  <Text
    accessible={true}
    allowFontScaling={true}
    disabled={false}
    ellipsizeMode="tail"
    style={
      Object {
        "fontSize": 60,
        "margin": 10,
        "marginVertical": 10,
        "textAlign": "center",
        "top": 20,
        "width": 230,
      }
    }
  >
    9
  </Text>
  <View
    style={
      Object {
        "width": 250,
      }
    }
  >
    <View
      accessibilityComponentType={undefined}
      accessibilityLabel={undefined}
      accessibilityTraits={undefined}
      accessible={true}
      collapsable={undefined}
      hitSlop={undefined}
      isTVSelectable={true}
      nativeID={undefined}
      onLayout={undefined}
      onResponderGrant={[Function]}
      onResponderMove={[Function]}
      onResponderRelease={[Function]}
      onResponderTerminate={[Function]}
      onResponderTerminationRequest={[Function]}
      onStartShouldSetResponder={[Function]}
      style={
        Object {
          "backgroundColor": "#3b5998",
          "borderRadius": 5,
          "height": 45,
          "justifyContent": "center",
          "margin": 15,
          "opacity": 1,
          "width": 100,
        }
      }
      testID={undefined}
      tvParallaxProperties={undefined}
    >
      <Text
        accessible={true}
        allowFontScaling={true}
        disabled={false}
        ellipsizeMode="tail"
        onPress={[Function]}
        style={
          Object {
            "color": "white",
            "fontSize": 14,
            "fontWeight": "bold",
            "marginVertical": 10,
            "textAlign": "center",
          }
        }
      >
        ASYN+
      </Text>
    </View>
    <View
      accessibilityComponentType={undefined}
      accessibilityLabel={undefined}
      accessibilityTraits={undefined}
      accessible={true}
      collapsable={undefined}
      hitSlop={undefined}
      isTVSelectable={true}
      nativeID={undefined}
      onLayout={undefined}
      onResponderGrant={[Function]}
      onResponderMove={[Function]}
      onResponderRelease={[Function]}
      onResponderTerminate={[Function]}
      onResponderTerminationRequest={[Function]}
      onStartShouldSetResponder={[Function]}
      style={
        Object {
          "backgroundColor": "#e73536",
          "borderRadius": 5,
          "height": 45,
          "justifyContent": "center",
          "margin": 15,
          "opacity": 1,
          "width": 100,
        }
      }
      testID={undefined}
      tvParallaxProperties={undefined}
    >
      <Text
        accessible={true}
        allowFontScaling={true}
        disabled={false}
        ellipsizeMode="tail"
        onPress={[Function]}
        style={
          Object {
            "color": "white",
            "fontSize": 14,
            "fontWeight": "bold",
            "marginVertical": 10,
            "textAlign": "center",
          }
        }
      >
        ASYN-
      </Text>
    </View>
  </View>
</View>
`;
